npm : npm warn Unknown env config "devdir". This will stop working in the next major version of npm.
At C:\Users\LENOVO\AppData\Local\Temp\ps-script-8e0564d5-fa0d-4e03-a3dd-439478b30308.ps1:109 char:56
+ ... \LENOVO\OneDrive\Desktop\rase.co.in\rase"; npm run build 2>&1 | Tee-O ...
+                                                ~~~~~~~~~~~~~~~~~~
    + CategoryInfo          : NotSpecified: (npm warn Unknow...version of npm.:String) [], RemoteException
    + FullyQualifiedErrorId : NativeCommandError
 

> rase@0.1.0 build
> next build

   Γû▓ Next.js 15.0.7
   - Environments: .env.local, .env

   Creating an optimized production build ...
 Γ£ô Compiled successfully
   Linting and checking validity of types ...
   Collecting page data ...
   Generating static pages (0/354) ...
   Generating static pages (88/354) 
   Generating static pages (176/354) 
   Generating static pages (265/354) 
 Γ£ô Generating static pages (354/354)
   Finalizing page optimization ...
   Collecting build traces ...

Route (app)                                                   Size     First Load JS
Γöî Γùï /                                                         165 B           195 kB
Γö£ Γùï /_not-found                                               901 B           103 kB
Γö£ ΓùÅ /[locale]                                                 165 B           195 kB
Γö£   Γö£ /en
Γö£   Γö£ /hi
Γö£   Γö£ /fr
Γö£   Γöö [+2 more paths]
Γö£ ΓùÅ /[locale]/ContactUs                                       235 B           137 kB
Γö£   Γö£ /en/ContactUs
Γö£   Γö£ /hi/ContactUs
Γö£   Γö£ /fr/ContactUs
Γö£   Γöö [+2 more paths]
Γö£ ΓùÅ /[locale]/introduction                                    157 B           140 kB
Γö£   Γö£ /en/introduction
Γö£   Γö£ /hi/introduction
Γö£   Γö£ /fr/introduction
Γö£   Γöö [+2 more paths]
Γö£ ΓùÅ /[locale]/registration                                    4.12 kB         297 kB
Γö£   Γö£ /en/registration
Γö£   Γö£ /hi/registration
Γö£   Γö£ /fr/registration
Γö£   Γöö [+2 more paths]
Γö£ Γùï /abhiyan                                                  2.16 kB         138 kB
Γö£ Γùï /abhiyaninphotoframe                                      901 B           103 kB
Γö£ Γùï /abstract                                                 901 B           103 kB
Γö£ Γùï /abstractdatadekh                                         3.34 kB         380 kB
Γö£ Γùï /abstractdatadekhsm24                                     3.34 kB         380 kB
Γö£ Γùï /academiccouncil                                          901 B           103 kB
Γö£ Γùï /accommodation                                            215 B           194 kB
Γö£ Γùï /Accomodation                                             901 B           103 kB
Γö£ Γùï /accomodationdata                                         2.35 kB         379 kB
Γö£ Γùï /addkeynotespeaker                                        304 B           102 kB
Γö£ Γùï /addvcdirector                                            303 B           102 kB
Γö£ Γùï /addwishesreceived                                        303 B           102 kB
Γö£ Γùï /admin                                                    10.2 kB         267 kB
Γö£ Γùï /admin/cms                                                3.36 kB         114 kB
Γö£ Γùï /admin/cms/accommodation-lifecycle                        2.8 kB          109 kB
Γö£ Γùï /admin/cms/ai-insights                                    2.43 kB         109 kB
Γö£ Γùï /admin/cms/alumni                                         2.69 kB         109 kB
Γö£ Γùï /admin/cms/analytics                                      3.8 kB          110 kB
Γö£ Γùï /admin/cms/announcement-bars                              2.84 kB         109 kB
Γö£ Γùï /admin/cms/articles                                       3.11 kB         119 kB
Γö£ Γùï /admin/cms/attendees                                      3.64 kB         110 kB
Γö£ Γùï /admin/cms/committees                                     3.57 kB         119 kB
Γö£ ╞Æ /admin/cms/committees/[id]                                303 B           110 kB
Γö£ Γùï /admin/cms/committees/new                                 262 B           110 kB
Γö£ Γùï /admin/cms/communications                                 3.27 kB         110 kB
Γö£ Γùï /admin/cms/contact                                        2.91 kB         109 kB
Γö£ Γùï /admin/cms/documents                                      2.92 kB         109 kB
Γö£ Γùï /admin/cms/downloads                                      3.28 kB         110 kB
Γö£ Γùï /admin/cms/email-logs                                     3.37 kB         110 kB
Γö£ Γùï /admin/cms/event-analytics                                3.41 kB         110 kB
Γö£ Γùï /admin/cms/events                                         3.6 kB          119 kB
Γö£ ╞Æ /admin/cms/events/[id]                                    300 B           110 kB
Γö£ Γùï /admin/cms/events/new                                     263 B           110 kB
Γö£ Γùï /admin/cms/executive-dashboard                            4.03 kB         111 kB
Γö£ Γùï /admin/cms/faq                                            3.42 kB         110 kB
Γö£ Γùï /admin/cms/feedback                                       2.92 kB         109 kB
Γö£ Γùï /admin/cms/gallery                                        3.09 kB         110 kB
Γö£ Γùï /admin/cms/homepage                                       3.04 kB         110 kB
Γö£ Γùï /admin/cms/media                                          3.81 kB         116 kB
Γö£ Γùï /admin/cms/media-center                                   4.12 kB         120 kB
Γö£ ╞Æ /admin/cms/media-center/[id]                              3.14 kB         110 kB
Γö£ Γùï /admin/cms/menus                                          2.78 kB         109 kB
Γö£ Γùï /admin/cms/notices                                        3.69 kB         119 kB
Γö£ ╞Æ /admin/cms/notices/[id]                                   302 B           110 kB
Γö£ Γùï /admin/cms/notices/categories                             2.5 kB          109 kB
Γö£ Γùï /admin/cms/notices/new                                    262 B           110 kB
Γö£ Γùï /admin/cms/pages                                          2.99 kB         118 kB
Γö£ ╞Æ /admin/cms/pages/[id]                                     2.49 kB         109 kB
Γö£ Γùï /admin/cms/pages/new                                      2.71 kB         109 kB
Γö£ Γùï /admin/cms/partners                                       3.58 kB         119 kB
Γö£ ╞Æ /admin/cms/partners/[id]                                  299 B           110 kB
Γö£ Γùï /admin/cms/partners/new                                   263 B           110 kB
Γö£ Γùï /admin/cms/payment-audit                                  3.12 kB         110 kB
Γö£ Γùï /admin/cms/payment-monitoring                             3.91 kB         110 kB
Γö£ Γùï /admin/cms/payment-recovery                               3.61 kB         110 kB
Γö£ Γùï /admin/cms/payments                                       3.58 kB         110 kB
Γö£ Γùï /admin/cms/receipts                                       3.2 kB          110 kB
Γö£ Γùï /admin/cms/research                                       3.44 kB         110 kB
Γö£ Γùï /admin/cms/seo                                            3.54 kB         110 kB
Γö£ Γùï /admin/cms/sessions                                       2.91 kB         109 kB
Γö£ Γùï /admin/cms/settings                                       3.13 kB         110 kB
Γö£ Γùï /admin/cms/speaker-operations                             3.29 kB         110 kB
Γö£ Γùï /admin/cms/speakers                                       3.57 kB         119 kB
Γö£ ╞Æ /admin/cms/speakers/[id]                                  302 B           110 kB
Γö£ Γùï /admin/cms/speakers/new                                   263 B           110 kB
Γö£ Γùï /admin/cms/volunteers                                     2.66 kB         109 kB
Γö£ Γùï /admin/cms/webhooks                                       3.19 kB         110 kB
Γö£ Γùï /admin/cms/whatsapp-logs                                  3 kB            109 kB
Γö£ Γùï /admin/cms/workflow-automation                            2.81 kB         109 kB
Γö£ ╞Æ /admin/registrations/[id]                                 5.77 kB         233 kB
Γö£ Γùï /AllData                                                  4.52 kB         170 kB
Γö£ ╞Æ /api/admin/gateway/[...path]                              901 B           103 kB
Γö£ ╞Æ /api/admin/login                                          901 B           103 kB
Γö£ ╞Æ /api/admin/payment-recovery                               901 B           103 kB
Γö£ ╞Æ /api/admin/session                                        901 B           103 kB
Γö£ ╞Æ /api/admin/session/bootstrap                              901 B           103 kB
Γö£ ╞Æ /api/certificate/verify/[code]                            901 B           103 kB
Γö£ ╞Æ /api/client-error                                         901 B           103 kB
Γö£ ╞Æ /api/create-order                                         901 B           103 kB
Γö£ ╞Æ /api/health                                               901 B           103 kB
Γö£ ╞Æ /api/participant/dashboard                                901 B           103 kB
Γö£ ╞Æ /api/participant/download                                 901 B           103 kB
Γö£ ╞Æ /api/payments/create-order                                901 B           103 kB
Γö£ ╞Æ /api/payments/razorpay-webhook                            901 B           103 kB
Γö£ ╞Æ /api/payments/verify-payment                              901 B           103 kB
Γö£ ╞Æ /api/registration/[registrationId]                        901 B           103 kB
Γö£ ╞Æ /api/registration/lookup                                  901 B           103 kB
Γö£ ╞Æ /api/registration/send-email                              901 B           103 kB
Γö£ ╞Æ /api/registration/submit                                  901 B           103 kB
Γö£ ╞Æ /api/registration/upload                                  901 B           103 kB
Γö£ ╞Æ /api/registration/verify-captcha                          901 B           103 kB
Γö£ ╞Æ /api/v2/admin/accommodation                               901 B           103 kB
Γö£ ╞Æ /api/v2/admin/accommodation-lifecycle                     901 B           103 kB
Γö£ ╞Æ /api/v2/admin/accommodation-rooms                         901 B           103 kB
Γö£ ╞Æ /api/v2/admin/ai-insights                                 901 B           103 kB
Γö£ ╞Æ /api/v2/admin/alumni                                      901 B           103 kB
Γö£ ╞Æ /api/v2/admin/analytics/dashboard                         901 B           103 kB
Γö£ ╞Æ /api/v2/admin/analytics/pages                             901 B           103 kB
Γö£ ╞Æ /api/v2/admin/analytics/visitors                          901 B           103 kB
Γö£ ╞Æ /api/v2/admin/announcement-bars                           901 B           103 kB
Γö£ ╞Æ /api/v2/admin/announcement-bars/[id]                      901 B           103 kB
Γö£ ╞Æ /api/v2/admin/attendees                                   901 B           103 kB
Γö£ ╞Æ /api/v2/admin/attendees/bulk                              901 B           103 kB
Γö£ ╞Æ /api/v2/admin/attendees/export                            901 B           103 kB
Γö£ ╞Æ /api/v2/admin/audit-logs                                  901 B           103 kB
Γö£ ╞Æ /api/v2/admin/badges/[registrationId]                     901 B           103 kB
Γö£ ╞Æ /api/v2/admin/certificates/[registrationId]               901 B           103 kB
Γö£ ╞Æ /api/v2/admin/checkin                                     901 B           103 kB
Γö£ ╞Æ /api/v2/admin/committees                                  901 B           103 kB
Γö£ ╞Æ /api/v2/admin/committees/[id]                             901 B           103 kB
Γö£ ╞Æ /api/v2/admin/committees/[id]/members                     901 B           103 kB
Γö£ ╞Æ /api/v2/admin/committees/[id]/revisions                   901 B           103 kB
Γö£ ╞Æ /api/v2/admin/committees/members/[memberId]               901 B           103 kB
Γö£ ╞Æ /api/v2/admin/communications                              901 B           103 kB
Γö£ ╞Æ /api/v2/admin/contact                                     901 B           103 kB
Γö£ ╞Æ /api/v2/admin/contact/[id]                                901 B           103 kB
Γö£ ╞Æ /api/v2/admin/dashboard                                   901 B           103 kB
Γö£ ╞Æ /api/v2/admin/documents                                   901 B           103 kB
Γö£ ╞Æ /api/v2/admin/documents/[id]/download                     901 B           103 kB
Γö£ ╞Æ /api/v2/admin/downloads                                   901 B           103 kB
Γö£ ╞Æ /api/v2/admin/downloads/[id]                              901 B           103 kB
Γö£ ╞Æ /api/v2/admin/email-logs                                  901 B           103 kB
Γö£ ╞Æ /api/v2/admin/email-logs/[id]/resend                      901 B           103 kB
Γö£ ╞Æ /api/v2/admin/events                                      901 B           103 kB
Γö£ ╞Æ /api/v2/admin/events/[id]                                 901 B           103 kB
Γö£ ╞Æ /api/v2/admin/executive-dashboard                         901 B           103 kB
Γö£ ╞Æ /api/v2/admin/faq                                         901 B           103 kB
Γö£ ╞Æ /api/v2/admin/faq/[id]                                    901 B           103 kB
Γö£ ╞Æ /api/v2/admin/faq/categories                              901 B           103 kB
Γö£ ╞Æ /api/v2/admin/feedback                                    901 B           103 kB
Γö£ ╞Æ /api/v2/admin/feedback/[id]                               901 B           103 kB
Γö£ ╞Æ /api/v2/admin/homepage                                    901 B           103 kB
Γö£ ╞Æ /api/v2/admin/homepage/sections                           901 B           103 kB
Γö£ ╞Æ /api/v2/admin/lifecycle-analytics                         901 B           103 kB
Γö£ ╞Æ /api/v2/admin/media                                       901 B           103 kB
Γö£ ╞Æ /api/v2/admin/media-albums                                901 B           103 kB
Γö£ ╞Æ /api/v2/admin/media-albums/[id]                           901 B           103 kB
Γö£ ╞Æ /api/v2/admin/media-center                                901 B           103 kB
Γö£ ╞Æ /api/v2/admin/media-center/[id]                           901 B           103 kB
Γö£ ╞Æ /api/v2/admin/media-library                               901 B           103 kB
Γö£ ╞Æ /api/v2/admin/media-library/[id]                          901 B           103 kB
Γö£ ╞Æ /api/v2/admin/media-library/folders                       901 B           103 kB
Γö£ ╞Æ /api/v2/admin/menus                                       901 B           103 kB
Γö£ ╞Æ /api/v2/admin/menus/[id]                                  901 B           103 kB
Γö£ ╞Æ /api/v2/admin/menus/[id]/items                            901 B           103 kB
Γö£ ╞Æ /api/v2/admin/newsletter                                  901 B           103 kB
Γö£ ╞Æ /api/v2/admin/notices                                     901 B           103 kB
Γö£ ╞Æ /api/v2/admin/notices/[id]                                901 B           103 kB
Γö£ ╞Æ /api/v2/admin/notices/categories                          901 B           103 kB
Γö£ ╞Æ /api/v2/admin/pages                                       901 B           103 kB
Γö£ ╞Æ /api/v2/admin/pages/[id]                                  901 B           103 kB
Γö£ ╞Æ /api/v2/admin/pages/[id]/revisions                        901 B           103 kB
Γö£ ╞Æ /api/v2/admin/pages/[id]/sections                         901 B           103 kB
Γö£ ╞Æ /api/v2/admin/partners                                    901 B           103 kB
Γö£ ╞Æ /api/v2/admin/partners/[id]                               901 B           103 kB
Γö£ ╞Æ /api/v2/admin/payment-audit                               901 B           103 kB
Γö£ ╞Æ /api/v2/admin/payment-recovery                            901 B           103 kB
Γö£ ╞Æ /api/v2/admin/payments                                    901 B           103 kB
Γö£ ╞Æ /api/v2/admin/payments/analytics                          901 B           103 kB
Γö£ ╞Æ /api/v2/admin/receipts/[registrationId]                   901 B           103 kB
Γö£ ╞Æ /api/v2/admin/registrations                               901 B           103 kB
Γö£ ╞Æ /api/v2/admin/registrations/[registrationId]              901 B           103 kB
Γö£ ╞Æ /api/v2/admin/registrations/bulk-status                   901 B           103 kB
Γö£ ╞Æ /api/v2/admin/research                                    901 B           103 kB
Γö£ ╞Æ /api/v2/admin/research/[id]                               901 B           103 kB
Γö£ ╞Æ /api/v2/admin/seo/[entityType]/[entityId]                 901 B           103 kB
Γö£ ╞Æ /api/v2/admin/sessions                                    901 B           103 kB
Γö£ ╞Æ /api/v2/admin/settings                                    901 B           103 kB
Γö£ ╞Æ /api/v2/admin/speaker-operations                          901 B           103 kB
Γö£ ╞Æ /api/v2/admin/speakers                                    901 B           103 kB
Γö£ ╞Æ /api/v2/admin/speakers/[id]                               901 B           103 kB
Γö£ ╞Æ /api/v2/admin/volunteers                                  901 B           103 kB
Γö£ ╞Æ /api/v2/admin/webhooks                                    901 B           103 kB
Γö£ ╞Æ /api/v2/admin/webhooks/[id]/retry                         901 B           103 kB
Γö£ ╞Æ /api/v2/admin/whatsapp-logs                               901 B           103 kB
Γö£ ╞Æ /api/v2/admin/workflow-rules                              901 B           103 kB
Γö£ ╞Æ /api/v2/analytics/stats                                   901 B           103 kB
Γö£ ╞Æ /api/v2/analytics/track                                   901 B           103 kB
Γö£ ╞Æ /api/v2/announcement-bars                                 901 B           103 kB
Γö£ ╞Æ /api/v2/committees                                        901 B           103 kB
Γö£ ╞Æ /api/v2/contact                                           901 B           103 kB
Γö£ ╞Æ /api/v2/downloads                                         901 B           103 kB
Γö£ ╞Æ /api/v2/downloads/[id]                                    901 B           103 kB
Γö£ ╞Æ /api/v2/downloads/[id]/track                              901 B           103 kB
Γö£ ╞Æ /api/v2/events                                            901 B           103 kB
Γö£ ╞Æ /api/v2/faq                                               901 B           103 kB
Γö£ ╞Æ /api/v2/feedback                                          901 B           103 kB
Γö£ ╞Æ /api/v2/health                                            901 B           103 kB
Γö£ ╞Æ /api/v2/homepage                                          901 B           103 kB
Γö£ ╞Æ /api/v2/media-albums                                      901 B           103 kB
Γö£ ╞Æ /api/v2/media-center                                      901 B           103 kB
Γö£ ╞Æ /api/v2/media/[id]/usage                                  901 B           103 kB
Γö£ ╞Æ /api/v2/menus                                             901 B           103 kB
Γö£ ╞Æ /api/v2/newsletter/subscribe                              901 B           103 kB
Γö£ ╞Æ /api/v2/notices                                           901 B           103 kB
Γö£ ╞Æ /api/v2/notices/[slug]                                    901 B           103 kB
Γö£ ╞Æ /api/v2/notices/categories                                901 B           103 kB
Γö£ ╞Æ /api/v2/pages                                             901 B           103 kB
Γö£ ╞Æ /api/v2/pages/[slug]                                      901 B           103 kB
Γö£ ╞Æ /api/v2/partners                                          901 B           103 kB
Γö£ ╞Æ /api/v2/registration/[id]                                 901 B           103 kB
Γö£ ╞Æ /api/v2/registration/send-email                           901 B           103 kB
Γö£ ╞Æ /api/v2/registration/submit                               901 B           103 kB
Γö£ ╞Æ /api/v2/registration/upload                               901 B           103 kB
Γö£ ╞Æ /api/v2/seo/[entityType]/[entityId]                       901 B           103 kB
Γö£ ╞Æ /api/v2/seo/robots                                        901 B           103 kB
Γö£ ╞Æ /api/v2/seo/sitemap                                       0 B                0 B
Γö£ ╞Æ /api/v2/settings                                          901 B           103 kB
Γö£ ╞Æ /api/v2/speakers                                          901 B           103 kB
Γö£ ╞Æ /api/verify-payment                                       901 B           103 kB
Γö£ ╞Æ /api/visitors                                             901 B           103 kB
Γö£ Γùï /awards                                                   2.16 kB         138 kB
Γö£ Γùï /BatonCeremony                                            2.5 kB          138 kB
Γö£ Γùï /Best_Wishes                                              901 B           103 kB
Γö£ Γùï /best-wishes                                              5.47 kB         178 kB
Γö£ Γùï /Bestpracticedata                                         2.41 kB         380 kB
Γö£ Γùï /books                                                    3.51 kB         139 kB
Γö£ ╞Æ /certificate/verify/[code]                                1.01 kB         103 kB
Γö£ Γùï /coming-soon                                              2.23 kB         138 kB
Γö£ Γùï /commingsoon                                              901 B           103 kB
Γö£ ΓùÅ /committee/[slug]                                         2.69 kB         139 kB
Γö£   Γö£ /committee/shikshamahakumbh2025
Γö£   Γö£ /committee/shikshamahakumbh2024
Γö£   Γö£ /committee/shikshamahakumbh2023
Γö£   Γöö [+2 more paths]
Γö£ Γùï /committeepage                                            901 B           103 kB
Γö£ Γùï /committees                                               3.58 kB         177 kB
Γö£ Γùï /conclave                                                 2.65 kB         139 kB
Γö£ Γùï /Conclavedata                                             1.64 kB         379 kB
Γö£ Γùï /conferences                                              2.05 kB         138 kB
Γö£ Γùï /contact-us                                               924 B           145 kB
Γö£ Γùï /ContactUs                                                901 B           103 kB
Γö£ Γùï /cookie-policy                                            2.05 kB         138 kB
Γö£ Γùï /dashboard                                                1.98 kB         108 kB
Γö£ Γùï /DelegateForm                                             3.35 kB         381 kB
Γö£ Γùï /departments/academic-council                             22 kB           158 kB
Γö£ Γùï /departments/prabandhan                                   1.34 kB         179 kB
Γö£ Γùï /departments/prachar                                      600 B           178 kB
Γö£ Γùï /departments/sampark                                      620 B           178 kB
Γö£ Γùï /departments/vitt                                         525 B           178 kB
Γö£ Γùï /disclaimer                                               2.05 kB         138 kB
Γö£ Γùï /donation                                                 4.06 kB         177 kB
Γö£ Γùï /downloads                                                3.37 kB         139 kB
Γö£ Γùï /education                                                2.16 kB         138 kB
Γö£ Γùï /educational-leaders                                      2.16 kB         138 kB
Γö£ Γùï /educational-technology                                   2.16 kB         138 kB
Γö£ Γùï /event/checkin                                            2.84 kB         109 kB
Γö£ Γùï /events                                                   2.06 kB         138 kB
Γö£ ╞Æ /events/[slug]                                            2.06 kB         138 kB
Γö£ Γùï /feedback                                                 3.7 kB          181 kB
Γö£ Γùï /fulllengthdatadekh                                       3.35 kB         381 kB
Γö£ Γùï /fulllengthdatadekhsm24                                   3.35 kB         381 kB
Γö£ Γùï /fulllengthpaper                                          901 B           103 kB
Γö£ Γùï /fulllengthpaperdatadekh                                  3.35 kB         381 kB
Γö£ Γùï /gallery                                                  2.46 kB         138 kB
Γö£ Γùï /glimpses                                                 3.55 kB         139 kB
Γö£ Γùï /heiprojectdisplaysubmission                              8.52 kB         186 kB
Γö£ Γùï /heiprojectregistrationdata                               2.27 kB         371 kB
Γö£ Γùï /higher-education                                         2.16 kB         138 kB
Γö£ Γùï /initiatives                                              2.16 kB         138 kB
Γö£ Γùï /innovation                                               2.16 kB         138 kB
Γö£ Γùï /institutions                                             2.16 kB         138 kB
Γö£ Γùï /introduction                                             157 B           140 kB
Γö£ Γùï /journals                                                 3.25 kB         139 kB
Γö£ Γùï /keynotespeakers                                          6.37 kB         179 kB
Γö£ Γùï /knowledge                                                5.15 kB         144 kB
Γö£ Γùï /leadership                                               2.16 kB         138 kB
Γö£ Γùï /media                                                    901 B           103 kB
Γö£ Γùï /media-center                                             5.5 kB          141 kB
Γö£ ΓùÅ /media/[edition]/[year]/[type]                            2.53 kB         138 kB
Γö£   Γö£ /media/shiksha-mahakumbh/4.0/digital
Γö£   Γö£ /media/shiksha-mahakumbh/3.0/digital
Γö£   Γö£ /media/shiksha-mahakumbh/2.0/digital
Γö£   Γöö [+5 more paths]
Γö£ Γùï /merchandise                                              3.44 kB         187 kB
Γö£ Γùï /ngoregistrationdatadekh                                  3.26 kB         380 kB
Γö£ Γùï /noticeboard                                              3.48 kB         139 kB
Γö£ Γùï /noticeboarddata                                          308 B           102 kB
Γö£ Γùï /olympiad                                                 2.16 kB         138 kB
Γö£ Γùï /organiserdatadekh                                        169 kB          621 kB
Γö£ Γùï /paper                                                    901 B           103 kB
Γö£ Γùï /participantregistrationdatadekh                          3.33 kB         380 kB
Γö£ Γùï /partners                                                 2.05 kB         138 kB
Γö£ Γùï /past_event/Innovation_and_Entrepreneurship_Dhe_Workshop  3.85 kB         140 kB
Γö£ Γùï /past_event/sk23                                          3.6 kB          140 kB
Γö£ Γùï /past_event/sk24                                          3.91 kB         140 kB
Γö£ Γùï /past_event/sm23                                          3.69 kB         140 kB
Γö£ Γùï /past_event/sm24                                          3.22 kB         139 kB
Γö£ Γùï /past_event/sm25                                          2.86 kB         139 kB
Γö£ Γùï /past_event/Spoken_English_Workshop                       4.16 kB         140 kB
Γö£ Γùï /past_event/Teacher_Development_Program                   5.32 kB         141 kB
Γö£ Γùï /past-events                                              4.36 kB         140 kB
Γö£ Γùï /pastevent                                                901 B           103 kB
Γö£ Γùï /people                                                   2.16 kB         138 kB
Γö£ Γùï /policy                                                   2.16 kB         138 kB
Γö£ Γùï /policy-papers                                            2.16 kB         138 kB
Γö£ Γùï /press                                                    4.41 kB         140 kB
Γö£ Γùï /Press_Release                                            901 B           103 kB
Γö£ ΓùÅ /press/[slug]                                             18.6 kB         155 kB
Γö£   Γö£ /press/education-summit-coverage
Γö£   Γö£ /press/baton-ceremony-smk-4
Γö£   Γö£ /press/summit-highlights
Γö£   Γöö [+6 more paths]
Γö£ Γùï /Press1                                                   901 B           103 kB
Γö£ Γùï /Press2                                                   901 B           103 kB
Γö£ Γùï /Press3                                                   901 B           103 kB
Γö£ Γùï /Press4                                                   901 B           103 kB
Γö£ Γùï /Press5                                                   901 B           103 kB
Γö£ Γùï /Press6                                                   901 B           103 kB
Γö£ Γùï /Press7                                                   901 B           103 kB
Γö£ Γùï /Press8                                                   901 B           103 kB
Γö£ Γùï /Press9                                                   901 B           103 kB
Γö£ Γùï /printmediashikshakumbh2023                               901 B           103 kB
Γö£ Γùï /printmediashikshakumbh2024                               901 B           103 kB
Γö£ Γùï /printmediashikshamahakumbh2023                           901 B           103 kB
Γö£ Γùï /printmediashikshamahakumbh2024                           901 B           103 kB
Γö£ Γùï /privacy-policy                                           2.05 kB         138 kB
Γö£ Γùï /proceeding1                                              30.3 kB         166 kB
Γö£ Γùï /proceeding2                                              21.3 kB         157 kB
Γö£ Γùï /proceeding3                                              11.9 kB         148 kB
Γö£ Γùï /proceedings                                              3.78 kB         140 kB
Γö£ Γùï /publications                                             2.05 kB         138 kB
Γö£ Γùï /refund-policy                                            2.05 kB         138 kB
Γö£ Γùï /registration                                             1.28 kB         321 kB
Γö£ Γùï /registration/Accomodation                                1.29 kB         195 kB
Γö£ Γùï /registration/conclaveReg                                 901 B           103 kB
Γö£ Γùï /registration/ngo                                         901 B           103 kB
Γö£ Γùï /registration/participant                                 901 B           103 kB
Γö£ Γùï /registration/Single_Registration                         901 B           103 kB
Γö£ Γùï /registration/success                                     9.69 kB         259 kB
Γö£ Γùï /registration/talent                                      901 B           103 kB
Γö£ Γùï /registration/volunteer                                   901 B           103 kB
Γö£ Γùï /reports                                                  2.16 kB         138 kB
Γö£ Γùï /research                                                 2.16 kB         138 kB
Γö£ Γùï /research-papers                                          2.16 kB         138 kB
Γö£ Γùï /research-projects                                        2.16 kB         138 kB
Γö£ Γùï /ResidentialCamp                                          2.54 kB         138 kB
Γö£ Γùï /robots.txt                                               0 B                0 B
Γö£ Γùï /school-education                                         2.16 kB         138 kB
Γö£ Γùï /schooldata                                               2.36 kB         371 kB
Γö£ Γùï /schoolprojectdisplaysubmission                           8.51 kB         186 kB
Γö£ Γùï /schools                                                  2.16 kB         138 kB
Γö£ Γùï /shikshakumbh                                             901 B           103 kB
Γö£ Γùï /shikshakumbh2023digitalmedia                             901 B           103 kB
Γö£ Γùï /shikshakumbh2024digitalmedia                             901 B           103 kB
Γö£ Γùï /shikshamahakumbh                                         901 B           103 kB
Γö£ Γùï /shikshamahakumbh2023digitalmedia                         901 B           103 kB
Γö£ Γùï /shikshamahakumbh2024digitalmedia                         901 B           103 kB
Γö£ Γùï /sitemap.xml                                              0 B                0 B
Γö£ Γùï /skill-development                                        2.16 kB         138 kB
Γö£ Γùï /speakers                                                 2.06 kB         138 kB
Γö£ ╞Æ /speakers/[slug]                                          2.05 kB         138 kB
Γö£ Γùï /student-development                                      2.16 kB         138 kB
Γö£ Γùï /summits                                                  2.16 kB         138 kB
Γö£ Γùï /Talentdata                                               2.42 kB         380 kB
Γö£ Γùï /TalkShow                                                 3.23 kB         139 kB
Γö£ Γùï /teacher-development                                      2.16 kB         138 kB
Γö£ Γùï /terms-and-conditions                                     2.05 kB         138 kB
Γö£ Γùï /Topics                                                   3.59 kB         140 kB
Γö£ Γùï /universities                                             2.16 kB         138 kB
Γö£ Γùï /upcoming-events                                          3.21 kB         176 kB
Γö£ Γùï /upcomingevent                                            901 B           103 kB
Γö£ Γùï /VibhagRoute/AcademicCouncil24                            901 B           103 kB
Γö£ Γùï /VibhagRoute/Prabandhan24                                 901 B           103 kB
Γö£ Γùï /VibhagRoute/Prachar24                                    901 B           103 kB
Γö£ Γùï /VibhagRoute/Sampark24                                    901 B           103 kB
Γö£ Γùï /VibhagRoute/Vitt24                                       901 B           103 kB
Γö£ Γùï /videos                                                   3.03 kB         139 kB
Γö£ Γùï /vocational-education                                     2.16 kB         138 kB
Γö£ Γùï /volunteerdatadekh                                        3.29 kB         380 kB
Γö£ Γùï /volunteerregistrationdatadekh                            3.32 kB         380 kB
Γö£ Γùï /whitepapers                                              2.16 kB         138 kB
Γö£ Γùï /Wishes_Received                                          901 B           103 kB
Γö£ Γùï /wishes-received                                          4.38 kB         140 kB
Γöö Γùï /workshops                                                2.16 kB         138 kB
+ First Load JS shared by all                                 102 kB
  Γö£ chunks/11517-22f2f0eec3f335a8.js                          45.9 kB
  Γö£ chunks/4bd1b696-54e1b931fc906543.js                       52.5 kB
  Γöö other shared chunks (total)                               3.37 kB


╞Æ Middleware                                                  46.7 kB

Γùï  (Static)   prerendered as static content
ΓùÅ  (SSG)      prerendered as static HTML (uses generateStaticParams)
╞Æ  (Dynamic)  server-rendered on demand

npm notice
npm notice New minor version of npm available! 11.6.0 -> 11.17.0
npm notice Changelog: https://github.com/npm/cli/releases/tag/v11.17.0
npm notice To update run: npm install -g npm@11.17.0
npm notice
